:-module(_,['examples.Dhrystone.<init>.1078954486#0'/2, 'examples.Dhrystone.Func_1.-1891141577#0#1'/4, 'examples.Dhrystone.Proc_1.-1481706749#0'/3, 'examples.Dhrystone.Proc_2.1006349050#0#1'/3, 'examples.Dhrystone.Proc_3.-1615720255#0'/3, 'examples.Dhrystone.Proc_4.-1508935651#0#1'/2, 'examples.Dhrystone.Proc_5.-1508905860#0'/2, 'examples.Dhrystone.Proc_6.-1961058559#0'/4, 'examples.Dhrystone.Proc_7.-1085352251#0'/5, 'examples.Dhrystone.Proc_8.-1403989491#0'/6, 'examples.Dhrystone.execute.-1176445219#0'/2, 'examples.Dhrystone.executeRuns.-55779292#0'/3, 'examples.Dhrystone.main.1096939606#0'/2, 'examples.Record_Type.<init>.976003396#0'/2],[assertions , nativeprops , regtypes]).

:-set_prolog_flag(multi_arity_warnings,off).
:-set_prolog_flag(discontiguous_warnings,off).
:-set_prolog_flag(single_var_warnings,off).

:-include(resources(res_assrt_defs)).

:-impl_defined(['java.lang.Object.<init>.-279557996#0'/2, 'java.lang.System.currentTimeMillis.630293680#0'/1, 'lang.Builtin.<init>.-1030814460#0'/2, 'lang.Builtin.add.-1651192795#0'/6, 'lang.Builtin.asg.-1766990365#0'/4, 'lang.Builtin.asg_int.-1058346971#0'/4, 'lang.Builtin.asg_size.1684082621#0'/4, 'lang.Builtin.cast.-1260246903#0'/4, 'lang.Builtin.div.1189692981#0'/6, 'lang.Builtin.eq.1340449196#0'/5, 'lang.Builtin.eq_int.-700529700#0'/5, 'lang.Builtin.eq_size.-1989450746#0'/5, 'lang.Builtin.ge.1079751518#0'/5, 'lang.Builtin.gt.1338448109#0'/5, 'lang.Builtin.gta.-1105758335#0'/5, 'lang.Builtin.gtf.2016141599#0'/6, 'lang.Builtin.le.-542017671#0'/5, 'lang.Builtin.lt.-283321080#0'/5, 'lang.Builtin.mul.1486634978#0'/6, 'lang.Builtin.ne.1048155767#0'/5, 'lang.Builtin.ne_int.1522688743#0'/5, 'lang.Builtin.ne_size.2006431259#0'/5, 'lang.Builtin.newa.-1979007126#0'/3, 'lang.Builtin.newb.-1139856570#0'/2, 'lang.Builtin.rem.734494412#0'/6, 'lang.Builtin.shl.2033939393#0'/6, 'lang.Builtin.shr.-950141701#0'/6, 'lang.Builtin.sta.-1099032395#0'/5, 'lang.Builtin.stf.1664825750#0'/7, 'lang.Builtin.sub.-2072904986#0'/6, 'lang.Builtin.unk.-1132872297#0'/2]).

:-java_mode('examples.Dhrystone.Func_1.-1891141577#0#1'/4,[-, +, +, +]).
:-java_measure('examples.Dhrystone.Func_1.-1891141577#0#1'/4,[int, size, size, size]).
'examples.Dhrystone.Func_1.-1891141577#0#1'(Ret, R0, C0, C1):-
	'lang.Builtin.ne_int.1522688743#0'(void, C0, 'char', C1, 'char'),
	'lang.Builtin.asg_int.-1058346971#0'(Ret, 'int', 1, 'int').

'examples.Dhrystone.Func_1.-1891141577#0#1'(Ret, R0, C0, C1):-
	'lang.Builtin.eq_int.-700529700#0'(void, C0, 'char', C1, 'char'),
	'lang.Builtin.asg_int.-1058346971#0'(Ret, 'int', 2, 'int').

:-java_mode('examples.Dhrystone.Proc_5.-1508905860#0'/2,[-, +]).
:-java_measure('examples.Dhrystone.Proc_5.-1508905860#0'/2,[size, size]).
'examples.Dhrystone.Proc_5.-1508905860#0'(void, R0).
:-java_mode('examples.Dhrystone.<init>.1078954486#0'/2,[-, +]).
:-java_measure('examples.Dhrystone.<init>.1078954486#0'/2,[size, size]).
'examples.Dhrystone.<init>.1078954486#0'(void, R0):-
	'java.lang.Object.<init>.-279557996#0'(void, R0).

:-java_mode('examples.Record_Type.<init>.976003396#0'/2,[-, +]).
:-java_measure('examples.Record_Type.<init>.976003396#0'/2,[size, size]).
'examples.Record_Type.<init>.976003396#0'(void, R0):-
	'java.lang.Object.<init>.-279557996#0'(void, R0).

:-java_mode('examples.Dhrystone.Proc_1.-1481706749#0'/3,[-, +, +]).
:-java_measure('examples.Dhrystone.Proc_1.-1481706749#0'/3,[size, size, size]).
'examples.Dhrystone.Proc_1.-1481706749#0'(void, R0, R1):-
	'lang.Builtin.gtf.2016141599#0'(R2, 'examples.Record_Type', R1, 'examples.Record_Type', 'Record_Comp', 'examples.Record_Type'),
	'lang.Builtin.asg_size.1684082621#0'(N0, 'null_type', null, 'null_type'),
	'lang.Builtin.stf.1664825750#0'(R1_1, R1, 'examples.Record_Type', 'Record_Comp', 'examples.Record_Type', N0, 'null_type'),
	'lang.Builtin.stf.1664825750#0'(R1_2, R1_1, 'examples.Record_Type', 'Int_Comp', 'int', 5, 'int'),
	'lang.Builtin.gtf.2016141599#0'(I1, 'int', R1_2, 'examples.Record_Type', 'Int_Comp', 'int'),
	'lang.Builtin.stf.1664825750#0'(R2_1, R2, 'examples.Record_Type', 'Int_Comp', 'int', I1, 'int'),
	'lang.Builtin.gtf.2016141599#0'(R3, 'examples.Record_Type', R1_2, 'examples.Record_Type', 'Record_Comp', 'examples.Record_Type'),
	'lang.Builtin.stf.1664825750#0'(R2_2, R2_1, 'examples.Record_Type', 'Record_Comp', 'examples.Record_Type', R3, 'examples.Record_Type'),
	'lang.Builtin.gtf.2016141599#0'(R4, 'examples.Record_Type', R2_2, 'examples.Record_Type', 'Record_Comp', 'examples.Record_Type'),
	'examples.Dhrystone.Proc_3.-1615720255#0'(void, R0, R4),
	'lang.Builtin.gtf.2016141599#0'(I2, 'int', R2_2, 'examples.Record_Type', 'Discr', 'int'),
	'examples.Dhrystone.Proc_1.-1481706749#1#2'(void, R0, I2, N0, R1_2, R2_2).

:-java_mode('examples.Dhrystone.Proc_1.-1481706749#1#2'/6,[-, +, +, +, +, +]).
:-java_measure('examples.Dhrystone.Proc_1.-1481706749#1#2'/6,[size, size, int, size, size, size]).
'examples.Dhrystone.Proc_1.-1481706749#1#2'(void, R0, I2, N0, R1_2, R2_2):-
	'lang.Builtin.eq_int.-700529700#0'(void, I2, 'int', 1, 'int'),
	'lang.Builtin.stf.1664825750#0'(R2_3, R2_2, 'examples.Record_Type', 'Int_Comp', 'int', 6, 'int'),
	'lang.Builtin.gtf.2016141599#0'(I0, 'int', R2_3, 'examples.Record_Type', 'Enum_Comp', 'int'),
	'lang.Builtin.gtf.2016141599#0'(I3, 'int', R1_2, 'examples.Record_Type', 'Enum_Comp', 'int'),
	'examples.Dhrystone.Proc_6.-1961058559#0'(void, R0, I3, I0),
	'lang.Builtin.stf.1664825750#0'(R2_4, R2_3, 'examples.Record_Type', 'Enum_Comp', 'int', I0, 'int'),
	'lang.Builtin.gtf.2016141599#0'(R5, 'examples.Record_Type', N0, 'null_type', 'Record_Comp', 'examples.Record_Type'),
	'lang.Builtin.stf.1664825750#0'(R2_5, R2_4, 'examples.Record_Type', 'Record_Comp', 'examples.Record_Type', R5, 'examples.Record_Type'),
	'lang.Builtin.gtf.2016141599#0'(I4, 'int', R2_5, 'examples.Record_Type', 'Int_Comp', 'int'),
	'lang.Builtin.gtf.2016141599#0'(I5, 'int', R2_5, 'examples.Record_Type', 'Int_Comp', 'int'),
	'examples.Dhrystone.Proc_7.-1085352251#0'(void, R0, I5, 10, I4),
	'lang.Builtin.stf.1664825750#0'(R2_6, R2_5, 'examples.Record_Type', 'Int_Comp', 'int', I4, 'int').

'examples.Dhrystone.Proc_1.-1481706749#1#2'(void, R0, I2, N0, R1_2, R2_2):-
	'lang.Builtin.ne_int.1522688743#0'(void, I2, 'int', 1, 'int'),
	'lang.Builtin.gtf.2016141599#0'(R6, 'examples.Record_Type', R1_2, 'examples.Record_Type', 'Record_Comp', 'examples.Record_Type').

:-java_mode('examples.Dhrystone.executeRuns.-55779292#0'/3,[-, +, +]).
:-java_measure('examples.Dhrystone.executeRuns.-55779292#0'/3,[size, size, int]).
'examples.Dhrystone.executeRuns.-55779292#0'(void, R0, I0):-
	'lang.Builtin.newa.-1979007126#0'(R1, 'int[]', 128),
	'lang.Builtin.newa.-1979007126#0'(R2, 'int[]', 128),
	'examples.Dhrystone.executeRuns.-55779292#2#3'(void, R0, I0, R1, R2).

:-java_mode('examples.Dhrystone.executeRuns.-55779292#1'/5,[-, +, +, +, +]).
:-java_measure('examples.Dhrystone.executeRuns.-55779292#1'/5,[size, size, int, size, size]).
'examples.Dhrystone.executeRuns.-55779292#1'(void, R0, I0, R1, R2):-
	'examples.Dhrystone.Proc_5.-1508905860#0'(void, R0),
	'examples.Dhrystone.Proc_4.-1508935651#0#1'(void, R0),
	'lang.Builtin.asg_int.-1058346971#0'(I2, 'int', 2, 'int'),
	'lang.Builtin.asg_int.-1058346971#0'(I3, 'int', 3, 'int'),
	'lang.Builtin.mul.1486634978#0'(I7, 'int', 5, 'int', I2, 'int'),
	'lang.Builtin.sub.-2072904986#0'(I4, 'int', I7, 'int', I3, 'int'),
	'examples.Dhrystone.Proc_7.-1085352251#0'(void, R0, I2, I3, I4),
	'lang.Builtin.add.-1651192795#0'(I8, 'int', I2, 'int', 1, 'int'),
	'lang.Builtin.mul.1486634978#0'(I9, 'int', 5, 'int', I8, 'int'),
	'lang.Builtin.sub.-2072904986#0'(I10, 'int', I9, 'int', I3, 'int'),
	'lang.Builtin.add.-1651192795#0'(I11, 'int', I2, 'int', 1, 'int'),
	'examples.Dhrystone.Proc_7.-1085352251#0'(void, R0, I11, I3, I10),
	'examples.Dhrystone.Proc_8.-1403989491#0'(void, R0, R1, R2, I2, I10),
	'examples.Dhrystone.Proc_1.-1481706749#0'(void, R0, null),
	'lang.Builtin.mul.1486634978#0'(I12, 'int', I3, 'int', I2, 'int'),
	'lang.Builtin.div.1189692981#0'(I13, 'int', I12, 'int', I2, 'int'),
	'examples.Dhrystone.Proc_2.1006349050#0#1'(void, R0, I2),
	'lang.Builtin.add.-1651192795#0'(I18, 'int', I0, 'int', -1, 'int'),
	'examples.Dhrystone.executeRuns.-55779292#0'(void, R0, I18).

:-java_mode('examples.Dhrystone.executeRuns.-55779292#2#3'/5,[-, +, +, +, +]).
:-java_measure('examples.Dhrystone.executeRuns.-55779292#2#3'/5,[size, size, int, size, size]).
'examples.Dhrystone.executeRuns.-55779292#2#3'(void, R0, I0, R1, R2):-
	'lang.Builtin.le.-542017671#0'(void, I0, 'int', 0, 'int').

'examples.Dhrystone.executeRuns.-55779292#2#3'(void, R0, I0, R1, R2):-
	'lang.Builtin.gt.1338448109#0'(void, I0, 'int', 0, 'int'),
	'examples.Dhrystone.executeRuns.-55779292#1'(void, R0, I0, R1, R2).

:-java_mode('examples.Dhrystone.Proc_7.-1085352251#0'/5,[-, +, +, +, +]).
:-java_measure('examples.Dhrystone.Proc_7.-1085352251#0'/5,[size, size, int, int, int]).
'examples.Dhrystone.Proc_7.-1085352251#0'(void, R0, I0, I1, I2).
:-java_mode('examples.Dhrystone.Proc_2.1006349050#0#1'/3,[-, +, +]).
:-java_measure('examples.Dhrystone.Proc_2.1006349050#0#1'/3,[size, size, int]).
'examples.Dhrystone.Proc_2.1006349050#0#1'(void, R0, I0):-
	'lang.Builtin.ne_int.1522688743#0'(void, 98, 'int', 65, 'int').

'examples.Dhrystone.Proc_2.1006349050#0#1'(void, R0, I0):-
	'lang.Builtin.eq_int.-700529700#0'(void, 98, 'int', 65, 'int').

:-java_mode('examples.Dhrystone.Proc_6.-1961058559#0'/4,[-, +, +, +]).
:-java_measure('examples.Dhrystone.Proc_6.-1961058559#0'/4,[size, size, int, int]).
'examples.Dhrystone.Proc_6.-1961058559#0'(void, R0, I0, I1).
:-java_mode('examples.Dhrystone.main.1096939606#0'/2,[-, +]).
:-java_measure('examples.Dhrystone.main.1096939606#0'/2,[size, size]).
'examples.Dhrystone.main.1096939606#0'(void, R0):-
	'lang.Builtin.newb.-1139856570#0'(R1, 'examples.Dhrystone'),
	'examples.Dhrystone.<init>.1078954486#0'(void, R1),
	'examples.Dhrystone.execute.-1176445219#0'(void, R1).

:-java_mode('examples.Dhrystone.Proc_3.-1615720255#0'/3,[-, +, +]).
:-java_measure('examples.Dhrystone.Proc_3.-1615720255#0'/3,[size, size, size]).
'examples.Dhrystone.Proc_3.-1615720255#0'(void, R0, R1):-
	'lang.Builtin.asg_size.1684082621#0'(N0, 'null_type', null, 'null_type'),
	'examples.Dhrystone.Proc_3.-1615720255#1#2'(void, R0, N0).

:-java_mode('examples.Dhrystone.Proc_3.-1615720255#1#2'/3,[-, +, +]).
:-java_measure('examples.Dhrystone.Proc_3.-1615720255#1#2'/3,[size, size, size]).
'examples.Dhrystone.Proc_3.-1615720255#1#2'(void, R0, N0):-
	'lang.Builtin.ne_size.2006431259#0'(void, N0, 'null_type', null, 'null_type'),
	'lang.Builtin.gtf.2016141599#0'(R2, 'examples.Record_Type', N0, 'null_type', 'Record_Comp', 'examples.Record_Type'),
	'lang.Builtin.asg_int.-1058346971#0'(I0_2, 'int', 4, 'int'),
	'examples.Dhrystone.Proc_3.-1615720255#3'(void, R0, I0_2, N0).

'examples.Dhrystone.Proc_3.-1615720255#1#2'(void, R0, N0):-
	'lang.Builtin.eq_size.-1989450746#0'(void, N0, 'null_type', null, 'null_type'),
	'lang.Builtin.asg_int.-1058346971#0'(I0_2, 'int', 100, 'int'),
	'examples.Dhrystone.Proc_3.-1615720255#3'(void, R0, I0_2, N0).

:-java_mode('examples.Dhrystone.Proc_3.-1615720255#3'/4,[-, +, +, +]).
:-java_measure('examples.Dhrystone.Proc_3.-1615720255#3'/4,[size, size, int, size]).
'examples.Dhrystone.Proc_3.-1615720255#3'(void, R0, I0_2, N0):-
	'lang.Builtin.gtf.2016141599#0'(I1, 'int', N0, 'null_type', 'Int_Comp', 'int'),
	'examples.Dhrystone.Proc_7.-1085352251#0'(void, R0, 10, I0_2, I1),
	'lang.Builtin.stf.1664825750#0'(N0_1, N0, 'null_type', 'Int_Comp', 'int', I1, 'int').

:-java_mode('examples.Dhrystone.Proc_8.-1403989491#0'/6,[-, +, +, +, +, +]).
:-java_measure('examples.Dhrystone.Proc_8.-1403989491#0'/6,[size, size, size, size, int, int]).
'examples.Dhrystone.Proc_8.-1403989491#0'(void, R0, R1, R2, I0, I1):-
	'lang.Builtin.add.-1651192795#0'(I2, 'int', I0, 'int', 5, 'int'),
	'lang.Builtin.sta.-1099032395#0'(R1, I2, 'int', I1, 'int'),
	'lang.Builtin.add.-1651192795#0'(I3, 'int', I2, 'int', 1, 'int'),
	'lang.Builtin.gta.-1105758335#0'(I4, 'int', R1, I2, 'int'),
	'lang.Builtin.sta.-1099032395#0'(R1, I3, 'int', I4, 'int'),
	'lang.Builtin.add.-1651192795#0'(I5, 'int', I2, 'int', 30, 'int'),
	'lang.Builtin.sta.-1099032395#0'(R1, I5, 'int', I2, 'int'),
	'lang.Builtin.sta.-1099032395#0'(R2, I2, 'int', I2, 'int'),
	'lang.Builtin.add.-1651192795#0'(I6, 'int', I2, 'int', 1, 'int'),
	'lang.Builtin.sta.-1099032395#0'(R2, I6, 'int', I2, 'int'),
	'lang.Builtin.sub.-2072904986#0'(I7, 'int', I2, 'int', 1, 'int'),
	'lang.Builtin.gta.-1105758335#0'(I8, 'int', R2, I7, 'int'),
	'lang.Builtin.add.-1651192795#0'(I9, 'int', I8, 'int', 1, 'int'),
	'lang.Builtin.sta.-1099032395#0'(R2, I7, 'int', I9, 'int'),
	'lang.Builtin.add.-1651192795#0'(I10, 'int', I2, 'int', 20, 'int'),
	'lang.Builtin.gta.-1105758335#0'(I11, 'int', R1, I2, 'int'),
	'lang.Builtin.sta.-1099032395#0'(R2, I10, 'int', I11, 'int').

:-java_mode('examples.Dhrystone.Proc_4.-1508935651#0#1'/2,[-, +]).
:-java_measure('examples.Dhrystone.Proc_4.-1508935651#0#1'/2,[size, size]).
'examples.Dhrystone.Proc_4.-1508935651#0#1'(void, R0):-
	'lang.Builtin.ne_int.1522688743#0'(void, 98, 'int', 65, 'int').

'examples.Dhrystone.Proc_4.-1508935651#0#1'(void, R0):-
	'lang.Builtin.eq_int.-700529700#0'(void, 98, 'int', 65, 'int').

:-java_mode('examples.Dhrystone.execute.-1176445219#0'/2,[-, +]).
:-java_measure('examples.Dhrystone.execute.-1176445219#0'/2,[size, size]).
'examples.Dhrystone.execute.-1176445219#0'(void, R0):-
	'java.lang.System.currentTimeMillis.630293680#0'(void),
	'examples.Dhrystone.executeRuns.-55779292#0'(void, R0, 100000),
	'java.lang.System.currentTimeMillis.630293680#0'(void).

:-java_mode('java.lang.Object.<init>.-279557996#0'/2,[-, +]).
:-java_measure('java.lang.Object.<init>.-279557996#0'/2,[size, size]).
:-java_mode('java.lang.System.currentTimeMillis.630293680#0'/1,[-]).
:-java_measure('java.lang.System.currentTimeMillis.630293680#0'/1,[size]).
:-java_mode('lang.Builtin.<init>.-1030814460#0'/2,[-, +]).
:-java_measure('lang.Builtin.<init>.-1030814460#0'/2,[size, size]).
:-java_mode('lang.Builtin.add.-1651192795#0'/6,[-, +, +, +, +, +]).
:-java_measure('lang.Builtin.add.-1651192795#0'/6,[int, void, int, void, int, void]).
:-java_mode('lang.Builtin.asg.-1766990365#0'/4,[-, +, +, +]).
:-java_measure('lang.Builtin.asg.-1766990365#0'/4,[size, void, size, void]).
:-java_mode('lang.Builtin.asg_int.-1058346971#0'/4,[-, +, +, +]).
:-java_measure('lang.Builtin.asg_int.-1058346971#0'/4,[int, void, int, void]).
:-java_mode('lang.Builtin.asg_size.1684082621#0'/4,[-, +, +, +]).
:-java_measure('lang.Builtin.asg_size.1684082621#0'/4,[size, void, size, void]).
:-java_mode('lang.Builtin.cast.-1260246903#0'/4,[-, +, +, +]).
:-java_measure('lang.Builtin.cast.-1260246903#0'/4,[size, void, size, void]).
:-java_mode('lang.Builtin.div.1189692981#0'/6,[-, +, +, +, +, +]).
:-java_measure('lang.Builtin.div.1189692981#0'/6,[int, void, int, void, int, void]).
:-java_mode('lang.Builtin.eq.1340449196#0'/5,[-, +, +, +, +]).
:-java_measure('lang.Builtin.eq.1340449196#0'/5,[void, size, void, size, void]).
:-java_mode('lang.Builtin.eq_int.-700529700#0'/5,[-, +, +, +, +]).
:-java_measure('lang.Builtin.eq_int.-700529700#0'/5,[void, int, void, int, void]).
:-java_mode('lang.Builtin.eq_size.-1989450746#0'/5,[-, +, +, +, +]).
:-java_measure('lang.Builtin.eq_size.-1989450746#0'/5,[void, size, void, size, void]).
:-java_mode('lang.Builtin.ge.1079751518#0'/5,[-, +, +, +, +]).
:-java_measure('lang.Builtin.ge.1079751518#0'/5,[size, int, void, int, void]).
:-java_mode('lang.Builtin.gt.1338448109#0'/5,[-, +, +, +, +]).
:-java_measure('lang.Builtin.gt.1338448109#0'/5,[size, int, void, int, void]).
:-java_mode('lang.Builtin.gta.-1105758335#0'/5,[-, +, +, +, +]).
:-java_measure('lang.Builtin.gta.-1105758335#0'/5,[size, size, size, int, size]).
:-java_mode('lang.Builtin.gtf.2016141599#0'/6,[-, +, +, +, +, +]).
:-java_measure('lang.Builtin.gtf.2016141599#0'/6,[size, void, size, void, void, void]).
:-java_mode('lang.Builtin.le.-542017671#0'/5,[-, +, +, +, +]).
:-java_measure('lang.Builtin.le.-542017671#0'/5,[size, int, void, int, void]).
:-java_mode('lang.Builtin.lt.-283321080#0'/5,[-, +, +, +, +]).
:-java_measure('lang.Builtin.lt.-283321080#0'/5,[size, int, void, int, void]).
:-java_mode('lang.Builtin.mul.1486634978#0'/6,[-, +, +, +, +, +]).
:-java_measure('lang.Builtin.mul.1486634978#0'/6,[int, void, int, void, int, void]).
:-java_mode('lang.Builtin.ne.1048155767#0'/5,[-, +, +, +, +]).
:-java_measure('lang.Builtin.ne.1048155767#0'/5,[void, size, void, size, void]).
:-java_mode('lang.Builtin.ne_int.1522688743#0'/5,[-, +, +, +, +]).
:-java_measure('lang.Builtin.ne_int.1522688743#0'/5,[void, int, void, int, void]).
:-java_mode('lang.Builtin.ne_size.2006431259#0'/5,[-, +, +, +, +]).
:-java_measure('lang.Builtin.ne_size.2006431259#0'/5,[void, size, void, size, void]).
:-java_mode('lang.Builtin.newa.-1979007126#0'/3,[-, +, +]).
:-java_measure('lang.Builtin.newa.-1979007126#0'/3,[size, size, int]).
:-java_mode('lang.Builtin.newb.-1139856570#0'/2,[-, +]).
:-java_measure('lang.Builtin.newb.-1139856570#0'/2,[size, size]).
:-java_mode('lang.Builtin.rem.734494412#0'/6,[-, +, +, +, +, +]).
:-java_measure('lang.Builtin.rem.734494412#0'/6,[int, void, int, void, int, void]).
:-java_mode('lang.Builtin.shl.2033939393#0'/6,[-, +, +, +, +, +]).
:-java_measure('lang.Builtin.shl.2033939393#0'/6,[size, size, size, size, size, size]).
:-java_mode('lang.Builtin.shr.-950141701#0'/6,[-, +, +, +, +, +]).
:-java_measure('lang.Builtin.shr.-950141701#0'/6,[size, size, size, size, size, size]).
:-java_mode('lang.Builtin.sta.-1099032395#0'/5,[-, +, +, +, +]).
:-java_measure('lang.Builtin.sta.-1099032395#0'/5,[size, int, size, size, size]).
:-java_mode('lang.Builtin.stf.1664825750#0'/7,[-, +, +, +, +, +, +]).
:-java_measure('lang.Builtin.stf.1664825750#0'/7,[size, size, void, void, void, size, void]).
:-java_mode('lang.Builtin.sub.-2072904986#0'/6,[-, +, +, +, +, +]).
:-java_measure('lang.Builtin.sub.-2072904986#0'/6,[int, void, int, void, int, void]).
:-java_mode('lang.Builtin.unk.-1132872297#0'/2,[-, +]).
:-java_measure('lang.Builtin.unk.-1132872297#0'/2,[size, void]).
