:-module(_,['examples.CellPhone$SmsPacket.<init>.511934284#0'/3, 'examples.CellPhone$UnicodeEncoder.format.560840790#0'/3, 'examples.CellPhone.<init>.-1582898776#0'/2, 'examples.CellPhone$Encoder.format.-966076271#0#1'/3, 'examples.CellPhone$TrimEncoder.<init>.770264229#0'/3, 'examples.CellPhone$UnicodeEncoder.<init>.-1930542036#0'/3, 'examples.CellPhone.sendSms.1562447441#0#1'/5, 'examples.CellPhone$TrimEncoder.format.-1973992049#0'/3, 'annot_java.lang.Stream.<init>.1277259630#0'/2],[assertions , nativeprops , regtypes]).

:-set_prolog_flag(multi_arity_warnings,off).
:-set_prolog_flag(discontiguous_warnings,off).
:-set_prolog_flag(single_var_warnings,off).

:-include(resources(res_assrt_defs)).

:-impl_defined(['lang.Builtin.stf.1664825750#0'/7, 'lang.Builtin.eq.1340449196#0'/5, 'lang.Builtin.asg_int.-1058346971#0'/4, 'lang.Builtin.gt.1338448109#0'/5, 'lang.Builtin.eq_size.-1989450746#0'/5, 'java.net.URLEncoder.encode.1160629413#0'/2, 'lang.Builtin.ne_int.1522688743#0'/5, 'java.lang.Object.<init>.-279557996#0'/2, 'lang.Builtin.shl.2033939393#0'/6, 'lang.Builtin.rem.734494412#0'/6, 'lang.Builtin.le.-542017671#0'/5, 'lang.Builtin.ne_size.2006431259#0'/5, 'java.lang.String.trim.-847153721#0'/2, 'lang.Builtin.sta.-1099032395#0'/5, 'lang.Builtin.mul.1486634978#0'/6, 'lang.Builtin.gtf.2016141599#0'/6, 'lang.Builtin.lt.-283321080#0'/5, 'lang.Builtin.cast.-1260246903#0'/4, 'lang.Builtin.add.-1651192795#0'/6, 'lang.Builtin.ge.1079751518#0'/5, 'lang.Builtin.sub.-2072904986#0'/6, 'lang.Builtin.asg.-1766990365#0'/4, 'lang.Builtin.newa.-1979007126#0'/3, 'lang.Builtin.eq_int.-700529700#0'/5, 'lang.Builtin.asg_size.1684082621#0'/4, 'lang.Builtin.gta.-1105758335#0'/5, 'lang.Builtin.<init>.-1030814460#0'/2, 'lang.Builtin.div.1189692981#0'/6, 'lang.Builtin.shr.-950141701#0'/6, 'lang.Builtin.newb.-1139856570#0'/2, 'annot_java.lang.Stream.send.1454908029#0'/3, 'lang.Builtin.unk.-1132872297#0'/2, 'lang.Builtin.ne.1048155767#0'/5]).

:-java_mode('examples.CellPhone$SmsPacket.<init>.511934284#0'/3,[-, +, +]).
:-java_measure('examples.CellPhone$SmsPacket.<init>.511934284#0'/3,[size, size, size]).
'examples.CellPhone$SmsPacket.<init>.511934284#0'(void, R0, R1):-
	'lang.Builtin.stf.1664825750#0'(R0_1, R0, 'examples.CellPhone$SmsPacket', 'this$0', 'examples.CellPhone', R1, 'examples.CellPhone'),
	'java.lang.Object.<init>.-279557996#0'(void, R0_1).

:-java_mode('examples.CellPhone$UnicodeEncoder.format.560840790#0'/3,[-, +, +]).
:-java_measure('examples.CellPhone$UnicodeEncoder.format.560840790#0'/3,[size, size, size]).
'examples.CellPhone$UnicodeEncoder.format.560840790#0'(Ret, R0, R1):-
	'java.net.URLEncoder.encode.1160629413#0'(R2, R1),
	'lang.Builtin.asg_size.1684082621#0'(Ret, 'java.lang.String', R2, 'java.lang.String').

:-java_mode('examples.CellPhone.<init>.-1582898776#0'/2,[-, +]).
:-java_measure('examples.CellPhone.<init>.-1582898776#0'/2,[void, size]).
'examples.CellPhone.<init>.-1582898776#0'(void, R0):-
	'java.lang.Object.<init>.-279557996#0'(void, R0).

:-java_mode('examples.CellPhone$Encoder.format.-966076271#0#1'/3,[-, +, +]).
:-java_measure('examples.CellPhone$Encoder.format.-966076271#0#1'/3,[size, size, size]).
'examples.CellPhone$Encoder.format.-966076271#0#1'(R4, R2, R5):-
	'examples.CellPhone$TrimEncoder.format.-1973992049#0'(R4, R2, R5).

'examples.CellPhone$Encoder.format.-966076271#0#1'(R4, R2, R5):-
	'examples.CellPhone$UnicodeEncoder.format.560840790#0'(R4, R2, R5).

:-java_mode('examples.CellPhone$TrimEncoder.<init>.770264229#0'/3,[-, +, +]).
:-java_measure('examples.CellPhone$TrimEncoder.<init>.770264229#0'/3,[void, size, size]).
'examples.CellPhone$TrimEncoder.<init>.770264229#0'(void, R0, R1):-
	'lang.Builtin.stf.1664825750#0'(R0_1, R0, 'examples.CellPhone$TrimEncoder', 'this$0', 'examples.CellPhone', R1, 'examples.CellPhone'),
	'java.lang.Object.<init>.-279557996#0'(void, R0_1).

:-java_mode('examples.CellPhone$UnicodeEncoder.<init>.-1930542036#0'/3,[-, +, +]).
:-java_measure('examples.CellPhone$UnicodeEncoder.<init>.-1930542036#0'/3,[void, size, size]).
'examples.CellPhone$UnicodeEncoder.<init>.-1930542036#0'(void, R0, R1):-
	'lang.Builtin.stf.1664825750#0'(R0_1, R0, 'examples.CellPhone$UnicodeEncoder', 'this$0', 'examples.CellPhone', R1, 'examples.CellPhone'),
	'java.lang.Object.<init>.-279557996#0'(void, R0_1).

:-java_mode('examples.CellPhone.sendSms.1562447441#0#1'/5,[-, +, +, +, +]).
:-java_measure('examples.CellPhone.sendSms.1562447441#0#1'/5,[size, size, size, size, size]).
'examples.CellPhone.sendSms.1562447441#0#1'(Ret, R0, R1, R2, R3):-
	'lang.Builtin.ne_size.2006431259#0'(void, R1, 'examples.CellPhone$SmsPacket', null, 'null_type'),
	'lang.Builtin.gtf.2016141599#0'(R5, 'java.lang.String', R1, 'examples.CellPhone$SmsPacket', 'sms', 'java.lang.String'),
	'examples.CellPhone$Encoder.format.-966076271#0#1'(R4, R2, R5),
	'annot_java.lang.Stream.send.1454908029#0'(void, R3, R4),
	'lang.Builtin.gtf.2016141599#0'(R6, 'examples.CellPhone$SmsPacket', R1, 'examples.CellPhone$SmsPacket', 'next', 'examples.CellPhone$SmsPacket'),
	'examples.CellPhone.sendSms.1562447441#0#1'(R7, R0, R6, R2, R3),
	'lang.Builtin.stf.1664825750#0'(R1_1, R1, 'examples.CellPhone$SmsPacket', 'next', 'examples.CellPhone$SmsPacket', R7, 'examples.CellPhone$SmsPacket'),
	'lang.Builtin.stf.1664825750#0'(R1_2, R1_1, 'examples.CellPhone$SmsPacket', 'sms', 'java.lang.String', R4, 'java.lang.String'),
	'lang.Builtin.asg_size.1684082621#0'(Ret, 'examples.CellPhone$SmsPacket', R1_2, 'examples.CellPhone$SmsPacket').

'examples.CellPhone.sendSms.1562447441#0#1'(Ret, R0, R1, R2, R3):-
	'lang.Builtin.eq_size.-1989450746#0'(void, R1, 'examples.CellPhone$SmsPacket', null, 'null_type'),
	'lang.Builtin.asg_size.1684082621#0'(Ret, 'examples.CellPhone$SmsPacket', null, 'null_type').

:-java_mode('examples.CellPhone$TrimEncoder.format.-1973992049#0'/3,[-, +, +]).
:-java_measure('examples.CellPhone$TrimEncoder.format.-1973992049#0'/3,[size, size, size]).
'examples.CellPhone$TrimEncoder.format.-1973992049#0'(Ret, R0, R1):-
	'java.lang.String.trim.-847153721#0'(R2, R1),
	'lang.Builtin.asg_size.1684082621#0'(Ret, 'java.lang.String', R2, 'java.lang.String').

:-java_mode('annot_java.lang.Stream.<init>.1277259630#0'/2,[-, +]).
:-java_measure('annot_java.lang.Stream.<init>.1277259630#0'/2,[void, size]).
'annot_java.lang.Stream.<init>.1277259630#0'(void, R0):-
	'java.lang.Object.<init>.-279557996#0'(void, R0).

:-java_mode('annot_java.lang.Stream.send.1454908029#0'/3,[-, +, +]).
:-java_measure('annot_java.lang.Stream.send.1454908029#0'/3,[size, size, size]).
:-java_mode('java.lang.Object.<init>.-279557996#0'/2,[-, +]).
:-java_measure('java.lang.Object.<init>.-279557996#0'/2,[size, size]).
:-java_mode('java.lang.String.trim.-847153721#0'/2,[-, +]).
:-java_measure('java.lang.String.trim.-847153721#0'/2,[size, size]).
:-java_mode('java.net.URLEncoder.encode.1160629413#0'/2,[-, +]).
:-java_measure('java.net.URLEncoder.encode.1160629413#0'/2,[size, size]).
:-java_mode('lang.Builtin.<init>.-1030814460#0'/2,[-, +]).
:-java_measure('lang.Builtin.<init>.-1030814460#0'/2,[size, size]).
:-java_mode('lang.Builtin.add.-1651192795#0'/6,[-, +, +, +, +, +]).
:-java_measure('lang.Builtin.add.-1651192795#0'/6,[int, void, int, void, int, void]).
:-java_mode('lang.Builtin.asg.-1766990365#0'/4,[-, +, +, +]).
:-java_measure('lang.Builtin.asg.-1766990365#0'/4,[size, void, size, void]).
:-java_mode('lang.Builtin.asg_int.-1058346971#0'/4,[-, +, +, +]).
:-java_measure('lang.Builtin.asg_int.-1058346971#0'/4,[int, void, int, void]).
:-java_mode('lang.Builtin.asg_size.1684082621#0'/4,[-, +, +, +]).
:-java_measure('lang.Builtin.asg_size.1684082621#0'/4,[size, void, size, void]).
:-java_mode('lang.Builtin.cast.-1260246903#0'/4,[-, +, +, +]).
:-java_measure('lang.Builtin.cast.-1260246903#0'/4,[size, void, size, void]).
:-java_mode('lang.Builtin.div.1189692981#0'/6,[-, +, +, +, +, +]).
:-java_measure('lang.Builtin.div.1189692981#0'/6,[int, void, int, void, int, void]).
:-java_mode('lang.Builtin.eq.1340449196#0'/5,[-, +, +, +, +]).
:-java_measure('lang.Builtin.eq.1340449196#0'/5,[void, size, void, size, void]).
:-java_mode('lang.Builtin.eq_int.-700529700#0'/5,[-, +, +, +, +]).
:-java_measure('lang.Builtin.eq_int.-700529700#0'/5,[void, int, void, int, void]).
:-java_mode('lang.Builtin.eq_size.-1989450746#0'/5,[-, +, +, +, +]).
:-java_measure('lang.Builtin.eq_size.-1989450746#0'/5,[void, size, void, size, void]).
:-java_mode('lang.Builtin.ge.1079751518#0'/5,[-, +, +, +, +]).
:-java_measure('lang.Builtin.ge.1079751518#0'/5,[size, int, void, int, void]).
:-java_mode('lang.Builtin.gt.1338448109#0'/5,[-, +, +, +, +]).
:-java_measure('lang.Builtin.gt.1338448109#0'/5,[size, int, void, int, void]).
:-java_mode('lang.Builtin.gta.-1105758335#0'/5,[-, +, +, +, +]).
:-java_measure('lang.Builtin.gta.-1105758335#0'/5,[size, size, size, int, size]).
:-java_mode('lang.Builtin.gtf.2016141599#0'/6,[-, +, +, +, +, +]).
:-java_measure('lang.Builtin.gtf.2016141599#0'/6,[size, void, size, void, void, void]).
:-java_mode('lang.Builtin.le.-542017671#0'/5,[-, +, +, +, +]).
:-java_measure('lang.Builtin.le.-542017671#0'/5,[size, int, void, int, void]).
:-java_mode('lang.Builtin.lt.-283321080#0'/5,[-, +, +, +, +]).
:-java_measure('lang.Builtin.lt.-283321080#0'/5,[size, int, void, int, void]).
:-java_mode('lang.Builtin.mul.1486634978#0'/6,[-, +, +, +, +, +]).
:-java_measure('lang.Builtin.mul.1486634978#0'/6,[int, void, int, void, int, void]).
:-java_mode('lang.Builtin.ne.1048155767#0'/5,[-, +, +, +, +]).
:-java_measure('lang.Builtin.ne.1048155767#0'/5,[void, size, void, size, void]).
:-java_mode('lang.Builtin.ne_int.1522688743#0'/5,[-, +, +, +, +]).
:-java_measure('lang.Builtin.ne_int.1522688743#0'/5,[void, int, void, int, void]).
:-java_mode('lang.Builtin.ne_size.2006431259#0'/5,[-, +, +, +, +]).
:-java_measure('lang.Builtin.ne_size.2006431259#0'/5,[void, size, void, size, void]).
:-java_mode('lang.Builtin.newa.-1979007126#0'/3,[-, +, +]).
:-java_measure('lang.Builtin.newa.-1979007126#0'/3,[size, size, int]).
:-java_mode('lang.Builtin.newb.-1139856570#0'/2,[-, +]).
:-java_measure('lang.Builtin.newb.-1139856570#0'/2,[size, size]).
:-java_mode('lang.Builtin.rem.734494412#0'/6,[-, +, +, +, +, +]).
:-java_measure('lang.Builtin.rem.734494412#0'/6,[int, void, int, void, int, void]).
:-java_mode('lang.Builtin.shl.2033939393#0'/6,[-, +, +, +, +, +]).
:-java_measure('lang.Builtin.shl.2033939393#0'/6,[size, size, size, size, size, size]).
:-java_mode('lang.Builtin.shr.-950141701#0'/6,[-, +, +, +, +, +]).
:-java_measure('lang.Builtin.shr.-950141701#0'/6,[size, size, size, size, size, size]).
:-java_mode('lang.Builtin.sta.-1099032395#0'/5,[-, +, +, +, +]).
:-java_measure('lang.Builtin.sta.-1099032395#0'/5,[size, int, size, size, size]).
:-java_mode('lang.Builtin.stf.1664825750#0'/7,[-, +, +, +, +, +, +]).
:-java_measure('lang.Builtin.stf.1664825750#0'/7,[size, size, void, void, void, size, void]).
:-java_mode('lang.Builtin.sub.-2072904986#0'/6,[-, +, +, +, +, +]).
:-java_measure('lang.Builtin.sub.-2072904986#0'/6,[int, void, int, void, int, void]).
:-java_mode('lang.Builtin.unk.-1132872297#0'/2,[-, +]).
:-java_measure('lang.Builtin.unk.-1132872297#0'/2,[size, void]).
